// Jest Snapshot v1, https://goo.gl/fbAQLP

exports[`Apptest renders App 1`] = `
<Fragment>
  <p>
    Hello
  </p>
  <TopQuotes
    count={4}
  />
</Fragment>
`;
