// Jest Snapshot v1, https://goo.gl/fbAQLP

exports[`characters component renders some characters 1`] = `<ul />`;
