// Jest Snapshot v1, https://goo.gl/fbAQLP

exports[`quote component renders quotes 1`] = `
<section>
  <h3 />
  <img
    src=""
  />
  <p />
</section>
`;
